<html>
<body>
<pre>
<h1>µVision Build Log</h1>
<h2>Project:</h2>
D:\project\stm32\Demo_self\STM32F1XX\led_timer\timer_led\LED.uvproj
Project File Date:  02/01/2018

<h2>Output:</h2>
Load "D:\\project\\stm32\\Demo_self\\STM32F1XX\\led_timer\\timer_led\\Obj\\LED.axf" 
Load "D:\\project\\stm32\\Demo_self\\STM32F1XX\\led_timer\\timer_led\\Obj\\LED.axf" 
Load "D:\\project\\stm32\\Demo_self\\STM32F1XX\\led_timer\\timer_led\\Obj\\LED.axf" 
Load "D:\\project\\stm32\\Demo_self\\STM32F1XX\\led_timer\\timer_led\\Obj\\LED.axf" 
Erase Done.
Programming Done.
Verify OK.
Build target 'FLASH'
compiling ADC_read.c...
App\ADC_read.c(146): warning:  #550-D: variable "msec" was set but never used
App\ADC_read.c(195): warning:  #177-D: variable "sec" was declared but never referenced
linking...
Program Size: Code=13052 RO-data=1180 RW-data=288 ZI-data=2480  
FromELF: creating hex file...
".\Obj\LED.axf" - 0 Errors, 2 Warning(s).
Build target 'FLASH'
linking...
Program Size: Code=13052 RO-data=1180 RW-data=288 ZI-data=2480  
FromELF: creating hex file...
".\Obj\LED.axf" - 0 Errors, 0 Warning(s).
Load "D:\\project\\stm32\\Demo_self\\STM32F1XX\\led_timer\\timer_led\\Obj\\LED.axf" 
Load "D:\\project\\stm32\\Demo_self\\STM32F1XX\\led_timer\\timer_led\\Obj\\LED.axf" 
Load "D:\\project\\stm32\\Demo_self\\STM32F1XX\\led_timer\\timer_led\\Obj\\LED.axf" 
Erase Done.
Programming Done.
Verify OK.
